// Jest Snapshot v1, https://goo.gl/fbAQLP

exports[`client is juan 1`] = `
{
  "balance": 500,
  "name": "Juan 2",
  "type": "premium",
}
`;
